// Jest Snapshot v1, https://goo.gl/fbAQLP

exports[`expect home component to match snapshot 1`] = `
<div
  className="calculator"
>
  <div
    className="display"
  >
    <span>
      0
       
       
    </span>
  </div>
  <div
    className="keys"
  >
    <button
      onClick={[Function]}
      type="button"
    >
      AC
    </button>
    <button
      onClick={[Function]}
      type="button"
    >
      +/-
    </button>
    <button
      onClick={[Function]}
      type="button"
    >
      %
    </button>
    <button
      className="act"
      onClick={[Function]}
      type="button"
    >
      รท
    </button>
  </div>
  <div
    className="keys"
  >
    <button
      onClick={[Function]}
      type="button"
    >
      7
    </button>
    <button
      onClick={[Function]}
      type="button"
    >
      8
    </button>
    <button
      onClick={[Function]}
      type="button"
    >
      9
    </button>
    <button
      className="act"
      onClick={[Function]}
      type="button"
    >
      x
    </button>
  </div>
  <div
    className="keys"
  >
    <button
      onClick={[Function]}
      type="button"
    >
      6
    </button>
    <button
      onClick={[Function]}
      type="button"
    >
      5
    </button>
    <button
      onClick={[Function]}
      type="button"
    >
      4
    </button>
    <button
      className="act"
      onClick={[Function]}
      type="button"
    >
      -
    </button>
  </div>
  <div
    className="keys"
  >
    <button
      onClick={[Function]}
      type="button"
    >
      3
    </button>
    <button
      onClick={[Function]}
      type="button"
    >
      2
    </button>
    <button
      onClick={[Function]}
      type="button"
    >
      1
    </button>
    <button
      className="act"
      onClick={[Function]}
      type="button"
    >
      +
    </button>
  </div>
  <div
    className="keys"
  >
    <button
      className="zero"
      onClick={[Function]}
      type="submit"
    >
      0
    </button>
    <button
      className="dot"
      onClick={[Function]}
      type="button"
    >
      .
    </button>
    <button
      className="dot act"
      onClick={[Function]}
      type="button"
    >
      =
    </button>
  </div>
</div>
`;
